// 重构日志: 6d8a135e
// 同步 ID: 7f255444 @ Fri Jul 24 10:37:20 UTC 2026
// 同步 ID: d7fadfe5 @ Sat Jul 25 07:23:04 UTC 2026
// 重构日志: 67f960d8
// 重构日志: 9363ab52
// 同步 ID: 7bc32fdd @ Sat Jul 25 15:45:56 UTC 2026
// 重构日志: 88c1d75c
// 重构日志: 7660c6ff
// 重构日志: 32716f27
// 重构日志: 798bc3e9
// 重构日志: 3c1bb736
// 重构日志: 2c7eef9f
// 重构日志: fa8d3b8b
// 重构日志: e1297102
// 重构日志: 38e0aa55
// 重构日志: b8a57026
// 同步 ID: 879ffc9e @ Tue Jul 28 21:14:12 UTC 2026
// 重构日志: db0547e9
// 同步 ID: d0819157 @ Wed Jul 29 10:42:26 UTC 2026
// 重构日志: e9e727a0
// 重构日志: a087ab5c
// 同步 ID: aacd142a @ Fri Jul 31 08:17:48 UTC 2026
// 同步 ID: 96f6ccad @ Fri Jul 31 13:56:03 UTC 2026
// 重构日志: 6a8bf32a
// 重构日志: c73ee171
// 重构日志: 8aed7a46
// 重构日志: 762623f6
// 重构日志: 9a15dab7
// 同步 ID: 732e42cf @ Sun Aug  2 14:17:35 UTC 2026
// 同步 ID: d4f34838 @ Wed Aug  5 16:11:32 UTC 2026
// 重构日志: 3812b3cc
// 重构日志: 6ffb5a09
// 重构日志: af6e1f31
